------------------------------------------------------------
Timing Analyzer Summary
------------------------------------------------------------

Type  : Slow 1200mV 85C Model Setup 'CLK'
Slack : -4.110
TNS   : -42.110

Type  : Slow 1200mV 85C Model Setup 'Divisor_CLK:CHIP1|X'
Slack : -0.183
TNS   : -0.365

Type  : Slow 1200mV 85C Model Hold 'Divisor_CLK:CHIP1|X'
Slack : 0.348
TNS   : 0.000

Type  : Slow 1200mV 85C Model Hold 'CLK'
Slack : 0.638
TNS   : 0.000

Type  : Slow 1200mV 85C Model Minimum Pulse Width 'CLK'
Slack : -3.000
TNS   : -36.672

Type  : Slow 1200mV 85C Model Minimum Pulse Width 'Divisor_CLK:CHIP1|X'
Slack : -1.403
TNS   : -11.224

Type  : Slow 1200mV 0C Model Setup 'CLK'
Slack : -3.747
TNS   : -36.130

Type  : Slow 1200mV 0C Model Setup 'Divisor_CLK:CHIP1|X'
Slack : -0.084
TNS   : -0.165

Type  : Slow 1200mV 0C Model Hold 'Divisor_CLK:CHIP1|X'
Slack : 0.313
TNS   : 0.000

Type  : Slow 1200mV 0C Model Hold 'CLK'
Slack : 0.591
TNS   : 0.000

Type  : Slow 1200mV 0C Model Minimum Pulse Width 'CLK'
Slack : -3.000
TNS   : -36.672

Type  : Slow 1200mV 0C Model Minimum Pulse Width 'Divisor_CLK:CHIP1|X'
Slack : -1.403
TNS   : -11.224

Type  : Fast 1200mV 0C Model Setup 'CLK'
Slack : -1.310
TNS   : -5.229

Type  : Fast 1200mV 0C Model Setup 'Divisor_CLK:CHIP1|X'
Slack : 0.489
TNS   : 0.000

Type  : Fast 1200mV 0C Model Hold 'Divisor_CLK:CHIP1|X'
Slack : 0.152
TNS   : 0.000

Type  : Fast 1200mV 0C Model Hold 'CLK'
Slack : 0.249
TNS   : 0.000

Type  : Fast 1200mV 0C Model Minimum Pulse Width 'CLK'
Slack : -3.000
TNS   : -27.744

Type  : Fast 1200mV 0C Model Minimum Pulse Width 'Divisor_CLK:CHIP1|X'
Slack : -1.000
TNS   : -8.000

------------------------------------------------------------
